// Jest Snapshot v1, https://goo.gl/fbAQLP

exports[`Test CollapsibleContainer should render correctly 1`] = `[Function]`;
