// Jest Snapshot v1, https://goo.gl/fbAQLP

exports[`Test Faq should render correctly 1`] = `
<p>
  loading_faq
</p>
`;
