// Jest Snapshot v1, https://goo.gl/fbAQLP

exports[`Test DataCollectionPublic should be able to view submitted dataset collection form 1`] = `[Function]`;

exports[`Test DataCollectionPublic should render correctly 1`] = `
<div
  className="dataCollection-bg"
>
  <h1>
    dc_review
  </h1>
  <div
    className="filter-container"
  >
    <div
      className="dataset-filter-group"
    >
      <div
        className="dataset-filter-item"
      >
        <label
          htmlFor="filterFunction"
        />
        <div
          className="ant-select ant-select-outlined css-dev-only-do-not-override-42nv3w ant-select-single ant-select-show-arrow"
          onBlur={[Function]}
          onFocus={[Function]}
          onKeyDown={[Function]}
          onKeyUp={[Function]}
          onMouseDown={[Function]}
          style={
            {
              "height": 40,
              "width": 140,
            }
          }
        >
          <div
            className="ant-select-selector"
            onClick={[Function]}
            onMouseDown={[Function]}
          >
            <span
              className="ant-select-selection-search"
            >
              <input
                aria-autocomplete="list"
                aria-controls="filterFunction_list"
                aria-expanded={false}
                aria-haspopup="listbox"
                aria-owns="filterFunction_list"
                autoComplete="off"
                className="ant-select-selection-search-input"
                disabled={false}
                id="filterFunction"
                onChange={[Function]}
                onCompositionEnd={[Function]}
                onCompositionStart={[Function]}
                onKeyDown={[Function]}
                onMouseDown={[Function]}
                onPaste={[Function]}
                readOnly={true}
                role="combobox"
                style={
                  {
                    "opacity": 0,
                  }
                }
                type="search"
                unselectable="on"
                value=""
              />
            </span>
            <span
              className="ant-select-selection-item"
              title="dc_number"
            >
              dc_number
            </span>
          </div>
          <span
            aria-hidden={true}
            className="ant-select-arrow"
            onMouseDown={[Function]}
            style={
              {
                "WebkitUserSelect": "none",
                "userSelect": "none",
              }
            }
            unselectable="on"
          >
            <span
              aria-label="down"
              className="anticon anticon-down ant-select-suffix"
              role="img"
            >
              <svg
                aria-hidden="true"
                data-icon="down"
                fill="currentColor"
                focusable="false"
                height="1em"
                viewBox="64 64 896 896"
                width="1em"
              >
                <path
                  d="M884 256h-75c-5.1 0-9.9 2.5-12.9 6.6L512 654.2 227.9 262.6c-3-4.1-7.8-6.6-12.9-6.6h-75c-6.5 0-10.3 7.4-6.5 12.7l352.6 486.1c12.8 17.6 39 17.6 51.7 0l352.6-486.1c3.9-5.3.1-12.7-6.4-12.7z"
                />
              </svg>
            </span>
          </span>
        </div>
      </div>
      <div
        className="dataset-filter-item"
      >
        <div
          className="order-filter"
        >
          <div
            className="ant-select ant-select-outlined css-dev-only-do-not-override-42nv3w ant-select-single ant-select-show-arrow"
            onBlur={[Function]}
            onFocus={[Function]}
            onKeyDown={[Function]}
            onKeyUp={[Function]}
            onMouseDown={[Function]}
            style={
              {
                "height": 40,
                "width": 140,
              }
            }
          >
            <div
              className="ant-select-selector"
              onClick={[Function]}
              onMouseDown={[Function]}
            >
              <span
                className="ant-select-selection-search"
              >
                <input
                  aria-autocomplete="list"
                  aria-controls="undefined_list"
                  aria-expanded={false}
                  aria-haspopup="listbox"
                  aria-owns="undefined_list"
                  autoComplete="off"
                  className="ant-select-selection-search-input"
                  disabled={false}
                  onChange={[Function]}
                  onCompositionEnd={[Function]}
                  onCompositionStart={[Function]}
                  onKeyDown={[Function]}
                  onMouseDown={[Function]}
                  onPaste={[Function]}
                  readOnly={true}
                  role="combobox"
                  style={
                    {
                      "opacity": 0,
                    }
                  }
                  type="search"
                  unselectable="on"
                  value=""
                />
              </span>
              <span
                className="ant-select-selection-item"
                title="ascending"
              >
                ascending
              </span>
            </div>
            <span
              aria-hidden={true}
              className="ant-select-arrow"
              onMouseDown={[Function]}
              style={
                {
                  "WebkitUserSelect": "none",
                  "userSelect": "none",
                }
              }
              unselectable="on"
            >
              <span
                aria-label="down"
                className="anticon anticon-down ant-select-suffix"
                role="img"
              >
                <svg
                  aria-hidden="true"
                  data-icon="down"
                  fill="currentColor"
                  focusable="false"
                  height="1em"
                  viewBox="64 64 896 896"
                  width="1em"
                >
                  <path
                    d="M884 256h-75c-5.1 0-9.9 2.5-12.9 6.6L512 654.2 227.9 262.6c-3-4.1-7.8-6.6-12.9-6.6h-75c-6.5 0-10.3 7.4-6.5 12.7l352.6 486.1c12.8 17.6 39 17.6 51.7 0l352.6-486.1c3.9-5.3.1-12.7-6.4-12.7z"
                  />
                </svg>
              </span>
            </span>
          </div>
        </div>
      </div>
    </div>
    <div
      className="MuiTablePagination-root css-jtlhu6-MuiTablePagination-root"
    >
      <div
        className="MuiToolbar-root MuiToolbar-gutters MuiToolbar-regular MuiTablePagination-toolbar css-78c6dr-MuiToolbar-root-MuiTablePagination-toolbar"
      >
        <div
          className="MuiTablePagination-spacer css-1psng7p-MuiTablePagination-spacer"
        />
        <p
          className="MuiTablePagination-selectLabel css-pdct74-MuiTablePagination-selectLabel"
          id=":r3:"
        >
          Rows per page:
        </p>
        <div
          className="MuiInputBase-root MuiInputBase-colorPrimary MuiTablePagination-input css-16c50h-MuiInputBase-root-MuiTablePagination-select"
          onClick={[Function]}
        >
          <div
            aria-controls=":r4:"
            aria-expanded="false"
            aria-haspopup="listbox"
            aria-labelledby=":r3: :r2:"
            className="MuiSelect-select MuiTablePagination-select MuiSelect-standard MuiInputBase-input css-194a1fa-MuiSelect-select-MuiInputBase-input"
            id=":r2:"
            onBlur={[Function]}
            onFocus={[Function]}
            onKeyDown={[Function]}
            onMouseDown={[Function]}
            role="combobox"
            tabIndex={0}
          >
            10
          </div>
          <input
            aria-hidden={true}
            aria-invalid={false}
            className="MuiSelect-nativeInput css-yf8vq0-MuiSelect-nativeInput"
            disabled={false}
            onAnimationStart={[Function]}
            onChange={[Function]}
            tabIndex={-1}
            value={10}
          />
          <svg
            aria-hidden={true}
            className="MuiSvgIcon-root MuiSvgIcon-fontSizeMedium MuiSelect-icon MuiTablePagination-selectIcon MuiSelect-iconStandard css-pqjvzy-MuiSvgIcon-root-MuiSelect-icon"
            data-testid="ArrowDropDownIcon"
            focusable="false"
            viewBox="0 0 24 24"
          >
            <path
              d="M7 10l5 5 5-5z"
            />
          </svg>
        </div>
        <p
          className="MuiTablePagination-displayedRows css-levciy-MuiTablePagination-displayedRows"
        >
          0â€“0 of 0
        </p>
        <div
          className="MuiTablePagination-actions"
        >
          <button
            aria-label="Go to previous page"
            className="MuiButtonBase-root Mui-disabled MuiIconButton-root Mui-disabled MuiIconButton-colorInherit MuiIconButton-sizeMedium css-zylse7-MuiButtonBase-root-MuiIconButton-root"
            disabled={true}
            onBlur={[Function]}
            onClick={[Function]}
            onContextMenu={[Function]}
            onDragLeave={[Function]}
            onFocus={[Function]}
            onKeyDown={[Function]}
            onKeyUp={[Function]}
            onMouseDown={[Function]}
            onMouseLeave={[Function]}
            onMouseUp={[Function]}
            onTouchEnd={[Function]}
            onTouchMove={[Function]}
            onTouchStart={[Function]}
            tabIndex={-1}
            title="Go to previous page"
            type="button"
          >
            <svg
              aria-hidden={true}
              className="MuiSvgIcon-root MuiSvgIcon-fontSizeMedium css-i4bv87-MuiSvgIcon-root"
              data-testid="KeyboardArrowLeftIcon"
              focusable="false"
              viewBox="0 0 24 24"
            >
              <path
                d="M15.41 16.09l-4.58-4.59 4.58-4.59L14 5.5l-6 6 6 6z"
              />
            </svg>
          </button>
          <button
            aria-label="Go to next page"
            className="MuiButtonBase-root Mui-disabled MuiIconButton-root Mui-disabled MuiIconButton-colorInherit MuiIconButton-sizeMedium css-zylse7-MuiButtonBase-root-MuiIconButton-root"
            disabled={true}
            onBlur={[Function]}
            onClick={[Function]}
            onContextMenu={[Function]}
            onDragLeave={[Function]}
            onFocus={[Function]}
            onKeyDown={[Function]}
            onKeyUp={[Function]}
            onMouseDown={[Function]}
            onMouseLeave={[Function]}
            onMouseUp={[Function]}
            onTouchEnd={[Function]}
            onTouchMove={[Function]}
            onTouchStart={[Function]}
            tabIndex={-1}
            title="Go to next page"
            type="button"
          >
            <svg
              aria-hidden={true}
              className="MuiSvgIcon-root MuiSvgIcon-fontSizeMedium css-i4bv87-MuiSvgIcon-root"
              data-testid="KeyboardArrowRightIcon"
              focusable="false"
              viewBox="0 0 24 24"
            >
              <path
                d="M8.59 16.34l4.58-4.59-4.58-4.59L10 5.75l6 6-6 6z"
              />
            </svg>
          </button>
        </div>
      </div>
    </div>
  </div>
</div>
`;
