// Jest Snapshot v1, https://goo.gl/fbAQLP

exports[`Test FaqAdmin should render correctly 1`] = `
<p>
  loading_faq
</p>
`;
