// Jest Snapshot v1, https://goo.gl/fbAQLP

exports[`Test Collapsible Form should render correctly 1`] = `
<div>
  <div
    class="collapsible-container "
  >
    <div
      class="collapsible-content opened"
      data-testid="collapsible-content_1"
    >
      <div
        class="collapsible-content-header admin"
      >
        <h2
          class="number"
        >
          No: 
          1
        </h2>
        <h2
          class="status"
        >
          Status: 
          New
        </h2>
        <h2
          class="dateTime"
        >
          dc_date
          : 
          2024-05-24 12:00:00
        </h2>
        <div
          class="expand-icon"
        >
          <span>
            â–²
          </span>
        </div>
      </div>
      <div
        class="collapsible-content-background"
      >
        <div
          class="collapsible-content-details"
        >
          <div
            class="personal-details admin"
          >
            <h2>
              dc_personal_details
            </h2>
            <div
              class="ant-descriptions ant-descriptions-bordered css-dev-only-do-not-override-42nv3w"
            >
              <div
                class="ant-descriptions-view"
              >
                <table>
                  <tbody>
                    <tr
                      class="ant-descriptions-row"
                    >
                      <th
                        class="ant-descriptions-item-label"
                        colspan="1"
                      >
                        <span>
                          dc_name
                        </span>
                      </th>
                      <td
                        class="ant-descriptions-item-content"
                        colspan="1"
                      >
                        <span>
                          <span
                            class="personal-details-info"
                          >
                            Luffy Lee
                          </span>
                        </span>
                      </td>
                    </tr>
                    <tr
                      class="ant-descriptions-row"
                    >
                      <th
                        class="ant-descriptions-item-label"
                        colspan="1"
                      >
                        <span>
                          dc_email
                        </span>
                      </th>
                      <td
                        class="ant-descriptions-item-content"
                        colspan="1"
                      >
                        <span>
                          <span
                            class="personal-details-info"
                          >
                            luffynika@example.com
                          </span>
                        </span>
                      </td>
                    </tr>
                  </tbody>
                </table>
              </div>
            </div>
          </div>
          <div
            class="sentence-details"
          >
            <h2>
              dc_text_sentence
            </h2>
            <div
              class="sentence-details-content"
            >
              <p>
                Aku mahu makan nasi
              </p>
            </div>
          </div>
        </div>
        <div
          class="collapsible-content-footer"
        >
          <div
            class="content-left admin"
          >
            <h2>
              dc_video_details
            </h2>
            <div
              class="row"
            >
              <div
                class="col-md-6"
              >
                <div
                  class="ant-descriptions ant-descriptions-bordered css-dev-only-do-not-override-42nv3w"
                >
                  <div
                    class="ant-descriptions-view"
                  >
                    <table>
                      <tbody>
                        <tr
                          class="ant-descriptions-row"
                        >
                          <th
                            class="ant-descriptions-item-label"
                            colspan="1"
                          >
                            <span>
                              dc_demo_video
                            </span>
                          </th>
                          <td
                            class="ant-descriptions-item-content"
                            colspan="1"
                          >
                            <span>
                              <span
                                class="video-details-info"
                              >
                                <span
                                  class="video-details-info"
                                >
                                  <button
                                    class="ant-btn css-dev-only-do-not-override-42nv3w ant-btn-default"
                                    style="width: 175px; height: 40px;"
                                    type="button"
                                  >
                                    <span>
                                      <span
                                        aria-label="download"
                                        class="anticon anticon-download"
                                        role="img"
                                      >
                                        <svg
                                          aria-hidden="true"
                                          data-icon="download"
                                          fill="currentColor"
                                          focusable="false"
                                          height="1em"
                                          viewBox="64 64 896 896"
                                          width="1em"
                                        >
                                          <path
                                            d="M505.7 661a8 8 0 0012.6 0l112-141.7c4.1-5.2.4-12.9-6.3-12.9h-74.1V168c0-4.4-3.6-8-8-8h-60c-4.4 0-8 3.6-8 8v338.3H400c-6.7 0-10.4 7.7-6.3 12.9l112 141.8zM878 626h-60c-4.4 0-8 3.6-8 8v154H214V634c0-4.4-3.6-8-8-8h-60c-4.4 0-8 3.6-8 8v198c0 17.7 14.3 32 32 32h684c17.7 0 32-14.3 32-32V634c0-4.4-3.6-8-8-8z"
                                          />
                                        </svg>
                                      </span>
                                    </span>
                                    <span
                                      style="margin-left: 8px;"
                                    >
                                      download_btn
                                    </span>
                                  </button>
                                </span>
                              </span>
                            </span>
                          </td>
                        </tr>
                        <tr
                          class="ant-descriptions-row"
                        >
                          <th
                            class="ant-descriptions-item-label"
                            colspan="1"
                          >
                            <span>
                              dc_avatar_video
                            </span>
                          </th>
                          <td
                            class="ant-descriptions-item-content"
                            colspan="1"
                          >
                            <span>
                              <span
                                class="video-details-info"
                              >
                                no_video_submitted
                              </span>
                            </span>
                          </td>
                        </tr>
                      </tbody>
                    </table>
                  </div>
                </div>
              </div>
            </div>
          </div>
          <div
            class="buttons-right"
          >
            <button
              class="btn btn--accept btn--large"
              data-testid="button-btn--accept"
              type="button"
            >
              dc_accept
            </button>
          </div>
        </div>
      </div>
    </div>
  </div>
</div>
`;
