// Jest Snapshot v1, https://goo.gl/fbAQLP

exports[`Test InfoIcon should render correctly 1`] = `
<svg
  className="dataForm-info"
  fill="currentColor"
  height="1em"
  onClick={[MockFunction]}
  stroke="currentColor"
  strokeWidth="0"
  style={
    {
      "color": "#000",
    }
  }
  viewBox="0 0 24 24"
  width="1em"
  xmlns="http://www.w3.org/2000/svg"
>
  <path
    d="M3 4v16a1 1 0 0 0 1 1h16a1 1 0 0 0 1-1V4a1 1 0 0 0-1-1H4a1 1 0 0 0-1 1zm8 3h2v2h-2V7zm0 4h2v6h-2v-6z"
  />
</svg>
`;
